date@code@rocketparts
1726-08-23@ABBК150@Датчик температуры
1307-12-11@AJJW745@Разделитель зарядки
1541-02-01@AOЯЦ320@Устройство управления тягой
1759-07-14@APGЧ794@Уплотнительное кольцо
1930-10-23@AZPЗ446@Газовый генератор
1929-12-13@AАZY790@Фазовод
1658-11-05@AБЯЪ186@Кольцевой теплообменник
1707-04-24@AГSР762@Топливный насос
0996-08-23@AГЭТ54@Гидрозапорная система
1810-04-12@AКKG892@Резервный топливный бак
1122-06-24@AФШN200@Лазерный прицел
1604-12-17@AХNN954@Антенна связи
1518-08-04@AХVQ575@Турбоагрегат
1736-05-28@AЪDН172@Огнедышащий сопел
1701-12-06@BAТH374@Вакуумный регулятор давления
1246-06-01@BEКИ891@Газодинамическая система управления
1734-06-15@BIУF789@Ракетный агрегат
1304-10-04@BIЫY60@Система охлаждения двигателя
1709-12-18@BJЛM470@Топливный насос
1613-04-26@BPОM106@Система аварийного отключения
1441-03-09@BTTB82@Внешний обтекатель
1051-12-19@BWЭВ461@Топливный бак
0945-04-28@BZDU54@Датчик высоты
0907-02-19@BZШУ39@Внутренний предохранитель
1296-01-26@BГUО437@Двигатель основной
1632-04-01@BГЦG241@Азотный бак
1633-02-03@BМEР330@Зарядное устройство
1436-05-23@BСAH295@Система автоматического восстановления
1070-05-28@BЧSD447@Система защиты от перегрузок
1831-12-15@BЪЙO320@Система вентиляции
1355-08-03@BЬKШ923@Автоматическая навигационная система
1714-02-13@CDGZ887@Автоматическая навигационная система
1300-06-19@CDOВ664@Инерциальная навигационная система
1877-09-02@CNЙZ97@Система санитарной обработки
1400-07-07@CNЬЦ977@Двигатель основной
1260-03-19@COOT315@Турбонасосный агрегат
1741-01-09@CPWЬ527@Отделение ступеньки
1732-12-26@CTHE381@Система взрывной обработки
1641-06-13@CWLP288@Система охлаждения двигателя
1804-06-27@CИRA805@Система подкачки топлива
2021-09-19@CСVФ725@Лазерный прицел
1980-04-18@DBXГ410@Газовый генератор
1250-09-18@DEHE839@Герметичный контейнер
1451-02-02@DLIS22@Вакуумный регулятор давления
1416-09-09@DUНЩ417@Солнечные батареи
1056-06-22@DБDЕ536@Гидравлический толкач
1552-08-17@DХHD700@Телекоммуникационная антенна
1941-09-24@DЫИЮ602@Система связи
1740-06-16@EDCM362@Батарея электронных блоков
1710-10-19@EKZN484@Система защиты от метеоритов
1662-01-11@ENXH662@Система связи
1672-08-28@ENЧM157@Газовый сепаратор
1427-06-20@EOЮЮ313@Система охлаждения двигателя
1831-07-22@EЛАТ837@Ускорительный блок
1178-01-13@EПIВ569@Система охлаждения двигателя
1638-06-15@EРBG67@Пылесборный фильтр
1846-05-19@EТYY285@Турбоагрегат
1796-02-17@EЧУF670@Охлаждающий генератор
1322-05-25@EШJD919@Коммуникационная панель
1977-01-28@EЩCP397@Система защиты от перегрузок
1435-03-04@EЩЫT203@Система охлаждения камеры сгорания
1905-01-01@EЬQТ482@Ракетный агрегат
1294-09-22@EЭОВ348@Система санитарной обработки
1305-10-01@FCЧS896@Стабилизатор
1518-04-23@FINO11@Термобарическая камера
1016-10-19@FPНC180@Гидрозапорная система
1779-03-15@FАRI777@Система связи
1325-02-19@FДБИ833@Кондиционер воздуха
1931-10-10@FЙГЩ394@Гидравлическая система
1088-09-10@FЙФI954@Навигационный модуль
0964-12-26@FКРЭ242@Система связи
1464-01-11@FЦSЦ510@Корпусная панель
1260-06-18@FЪWЧ141@Радиосигнальная система
1591-03-05@GBЙY874@Корпусная панель
1334-04-14@GIГQ699@Система подачи кислорода
1054-10-05@GRXС28@Термобарическая камера
1848-10-07@GRЩЪ454@Навигационный модуль
1864-05-10@GГBЕ361@Камера сгорания
1516-12-26@GГXJ314@Лазерный прицел
1374-04-16@GНUS52@Газовый генератор
1930-12-04@GЦАD628@Система охлаждения двигателя
1376-06-20@GЭЦЭ99@Турбоагрегат
1532-02-06@HBТK382@Система стабилизации
1026-07-28@HECН959@Ускоритель
1326-02-09@HTТЬ205@Ступенька
1081-01-14@HФNБ286@Генератор apu
1296-01-18@HЦЗF243@Система защиты от перегрузок
1235-09-17@IGЭВ708@Спутниковая антенна
1887-04-04@IJИЛ803@Радиосигнальная система
1132-09-07@ILOY971@Система питания
1578-10-06@ISЭТ123@Камера сгорания
0912-03-28@IИJU151@Ступенька
1381-12-15@IЛFЫ707@Стабилизатор
1173-06-19@IНГC659@Система подкачки топлива
1603-02-08@JFBL689@Внутренний предохранитель
1234-04-09@JKIX223@Фазовод
1387-07-15@JWKЖ210@Навигационный модуль
1762-01-01@JЖЭI749@Система погасителей
1509-06-26@JЧПА648@Турбоагрегат
1400-11-27@JШЩБ591@Пылесборный фильтр
1088-10-08@JЭZI671@Клапан подкачки топлива
1160-10-23@KEII597@Радиосигнальная система
1507-09-02@KJМН360@Система взрывной обработки
1239-08-17@KMEЬ923@Рычаг управления
1859-12-09@KSJR159@Запасной контейнер
1016-08-23@KUЫC148@Комплект резервных датчиков
0923-11-16@KYFO175@Теплоизолирующая оболочка
1738-03-16@KZФИ718@Комплект резервных датчиков
1590-01-08@KДЭН846@Зарядное устройство
1316-12-06@KПЭF187@Газовый сепаратор
1452-12-05@KЪЦS889@Турбонасосный агрегат
1509-03-01@LCФХ252@Система стабилизации
0969-08-12@LEYЖ760@Система газораспределения
1422-10-19@LFVМ779@Лазерный прицел
0928-07-13@LHЗЙ73@Контейнер для отходов
1316-01-14@LMАF558@Кислородный бак
0961-02-25@LMЮA827@Газодинамическая система управления
1730-09-04@LVKД415@Автоклавная установка
1026-12-26@LПBB292@Система взрывной обработки
1142-04-05@LПOЗ201@Герметичный контейнер
1492-05-17@LФГЭ769@Стабилизатор
1635-03-21@LХГО312@Стойка поддержки
1814-05-23@LШFW765@Телекоммуникационная антенна
1145-09-14@LЫSО290@Топливный насос
1310-06-27@LЬSБ671@Навигационный модуль
1941-10-11@MDQK404@Датчик температуры
1848-04-24@MDЮК370@Внутренний предохранитель
1386-02-01@MEЕF572@Система защиты от метеоритов
1453-02-26@MIЖP53@Огнедышащий сопел
1325-12-11@MNKА92@Рулевая сопля
1167-10-08@MNTR595@Автоматическая навигационная система
1521-06-24@MНMР843@Структурный каркас
1047-05-02@MОУЖ416@Датчик температуры
1116-03-27@MСSK362@Система очистки топлива
1087-05-02@MЧHК959@Огнедышащий сопел
1041-10-28@NEWG566@Автоматическая навигационная система
1002-08-24@NKГQ368@Камера сгорания
1998-09-10@NNBЬ102@Теплоизолирующая оболочка
1655-06-26@NQЗP590@Внутренний предохранитель
1422-11-15@NUШC556@Главный двигатель
1410-12-21@NМIP539@Двигатель основной
1207-01-15@OARЭ917@Регулятор давления
1154-03-25@OJУЪ613@Разделитель зарядки
1803-05-19@OWШЯ307@Ёмкость жидкого водорода
1935-02-04@OХFJ143@Вакуумный насос
1807-10-10@OЧШJ131@Гидравлический толкач
1518-01-24@OШБN665@Система охлаждения камеры сгорания
1976-08-10@OЯЮЬ359@Система дозаправки топлива
1309-03-15@PАЮЯ45@Охлаждающий генератор
1599-04-06@PЖЙП878@Солнечные батареи
1753-02-11@PЗED873@Фильтр газоотводного патрубка
1288-08-03@PЩМУ366@Камера сгорания
1310-01-28@QMUЛ343@Структурный каркас
1425-05-07@QPЙФ628@Охлаждающий генератор
2017-01-01@QQRО908@Телекоммуникационная антенна
1782-05-06@QRXЭ574@Лазерный прицел
1083-05-24@QWММ473@Датчик высоты
1880-03-23@QZKЭ705@Главный двигатель
1951-08-18@QВSD581@Ёмкость жидкого водорода
0922-04-17@QЗSO488@Система подачи кислорода
0948-02-14@QЗUZ620@Система аварийного отключения
1884-01-09@QХCТ931@Система автоматического восстановления
1765-07-03@QЧUИ996@Кондиционер воздуха
1514-05-28@RBLV895@Камера сгорания
1432-02-18@RGЛХ749@Телекоммуникационная антенна
1399-02-24@RIУT626@Отделение ступеньки
1739-02-28@RLЧБ515@Наземная ракетная платформа
1184-08-27@RZBТ323@Гидравлическая система
1205-10-25@RЕFT101@Внешний обтекатель
1393-08-16@RЕГP393@Информационно-управляющая система
1829-03-12@RУSР979@Топливный насос
1617-05-07@RЧPЫ926@Вакуумная камера
1781-06-20@SLLЪ402@Термобарическая камера
1050-04-19@SNЕЛ252@Реверсивная тяга
1660-01-27@SQTT181@Ракетный агрегат
1249-11-26@SXЫЯ194@Основное управление двигателем
1775-05-05@SYЩY308@Воздухозаборник
1398-02-03@SАVR287@Система охлаждения камеры сгорания
1251-12-18@SВKЖ466@Двигатель основной
1143-05-15@SЕШЯ132@Резервный блок питания
1331-01-20@SЖBE631@Ёмкость жидкого водорода
1800-04-05@SНЕI304@Комплект резервных датчиков
1226-08-12@SУIН505@Автоклавная установка
1961-04-23@SФЗC722@Модульный отсек
1402-06-26@TKЬМ352@Автоклавная установка
1715-10-08@TTBП8@Лазерный прицел
1966-06-27@TWЫП311@Турбонасосный агрегат
1695-08-28@TЗOL725@Рулевая сопля
1231-12-25@TЗYГ207@Система аварийного отключения
2012-09-03@TШЛQ247@Система санитарной обработки
1731-04-23@TЪРM62@Огнедышащий сопел
1520-01-11@UQЖЦ959@Батарейный отсек
1703-04-14@UГNY608@Наземная ракетная платформа
0961-09-01@UПUD124@Основное управление двигателем
1240-03-09@UТТЧ396@Внешний обтекатель
1811-04-24@UЩЕС497@Система питания
1925-01-15@UЭTC460@Система защиты от перегрузок
1356-06-25@UЮPE57@Система санитарной обработки
1131-01-04@VOЦX507@Газовый сепаратор
1723-10-05@VRJХ326@Инерциальная навигационная система
1493-12-17@VRПK324@Ускоритель
1280-06-15@VVЫУ92@Система подкачки топлива
0941-05-06@VWГH485@Герметичный контейнер
1596-06-10@VZАI984@Система охлаждения камеры сгорания
1988-10-13@VZЪА241@Система вентиляции
1898-04-24@VЕНЭ247@Разгрузочный механизм
1278-04-08@WGNY215@Герметичный контейнер
1496-12-04@WIЦG654@Телекоммуникационная антенна
1502-03-24@WRЕТ977@Азотный бак
0948-03-09@WUЙТ994@Топливный насос
1192-08-17@WГВI158@Коммуникационная панель
0907-03-05@WЙБН317@Система очистки топлива
1299-09-06@WЯEK103@Ускорительный блок
1757-06-06@XIFЬ688@Датчик температуры
1217-09-28@XLVQ338@Зарядное устройство
1884-02-16@XSЫТ712@Система подкачки топлива
1484-01-08@XUНЭ59@Термооболочка
1712-02-04@XYСН494@Зарядное устройство
1087-07-16@XДBH88@Система подкачки топлива
1810-09-21@XЕОF874@Система радарного обнаружения
1425-07-28@XОGЪ132@Воздухозаборник
1716-05-19@XПSM720@Кондиционер воздуха
1956-09-06@XРIC115@Регулятор тяги двигателя
1116-07-26@XХДC729@Запасной двигатель
1015-06-05@XЦХC578@Запасной контейнер
1486-08-04@XЬIM902@Фильтр газоотводного патрубка
1828-05-19@YHЬE437@Топливный насос
1691-05-12@YSGJ73@Система радарного обнаружения
1612-02-20@YVCO627@Кондиционер воздуха
1146-04-15@YZZQ946@Стойка поддержки
1954-05-20@YГРМ358@Система питания
1133-06-22@YТUР431@Система защиты от метеоритов
0993-07-27@ZOФW183@Корпусная панель
1358-08-10@ZQQП302@Гидрозапорная система
1000-07-06@ZБIЬ49@Кислородный бак
1133-11-18@ZВВГ796@Разделитель зарядки
1084-02-17@ZГПE280@Турбонасосный агрегат
1133-09-17@ZЕЛN168@Генератор apu
1623-05-09@ZРCL975@Система охлаждения камеры сгорания
1294-08-08@ZТNJ744@Щит теплоизоляции
0924-10-21@ZЪНZ382@Ёмкость жидкого водорода
1814-08-14@АBNY117@Гидравлическая система
0935-06-28@АJBV583@Ёмкость жидкого водорода
1433-01-23@АSКШ299@Реверсивная тяга
2023-02-13@АUАB17@Батарейный отсек
1121-02-03@АXМW58@Теплообменник
1727-01-04@АНMП636@Система погасителей
1155-04-09@АПLZ935@Коммуникационная панель
1136-08-01@АЪFЦ334@Газовый сепаратор
1818-12-03@БFХШ780@Теплоизолирующая оболочка
1031-06-10@БPDШ476@Система подачи кислорода
1737-02-21@БWGC440@Система связи
1529-02-13@БXRR937@Разъединительные болты
1360-06-11@ББXО298@Запасной двигатель
1045-03-09@БЕГT255@Азотный бак
0937-10-10@БЕЩK575@Комплект резервных датчиков
0937-12-16@БКCР559@Радиоизотопный генератор
1240-12-08@БНЩЭ666@Двигатель основной
1930-06-28@БПUI695@Разделитель зарядки
1703-12-28@БЩПO966@Динамические тормоза
1268-01-11@ВIПО606@Внутренний предохранитель
1529-08-18@ВNAХ209@Разделитель зарядки
1475-05-24@ВZXG456@Рулевая сопля
1374-09-28@ВУЖД866@Кислородный бак
1750-01-26@ГAGК593@Охлаждающий генератор
1746-03-02@ГMHФ48@Автоматическая навигационная система
1572-01-07@ГMШN290@Антенна связи
1789-12-28@ГOЯР236@Аэродинамический кокпит
1368-12-26@ГTCE159@Резервная система питания
1878-09-17@ГZРЪ966@Рулевая сопля
1273-10-08@ГЗOT580@Система уничтожения мусора
1241-03-17@ГИЖL806@Система радарного обнаружения
1687-03-06@ГЛCП599@Ступенька
1857-10-10@ГМET597@Уплотнительное кольцо
1621-09-19@ГМOR21@Система охлаждения камеры сгорания
1618-11-24@ГНФЬ613@Газовый генератор
0926-11-23@ГШЩS832@Система погасителей
2004-05-19@ДEES972@Отделение ступеньки
1121-07-09@ДIШС289@Система охлаждения двигателя
1134-10-17@ДKЖF754@Турбоагрегат
1810-11-03@ДYСС243@Гидравлическая система
1107-12-03@ДZЯN232@Внутренний предохранитель
0914-02-09@ДЖLD177@Модульный отсек
1216-06-07@ДМDЫ302@Охолаждающая система
1656-02-27@ДХФА825@Система санитарной обработки
1687-04-25@ДЬЪП254@Мультиспектральный прибор
1214-11-20@ЕAБQ186@Антенна связи
1888-06-17@ЕBOЭ599@Крепежные болты
1774-04-03@ЕGЪI251@Резервный турбонасос
1170-01-23@ЕIEС256@Автоклавная установка
2020-02-02@ЕITЛ707@Блок управления турбиной
1727-08-11@ЕIЬI54@Навигационный модуль
1813-01-08@ЕWHЪ584@Пылесборный фильтр
0909-08-07@ЕВMZ332@Лазерный прицел
1543-12-23@ЕЕРР921@Солнечные батареи
1860-03-12@ЕЖУЫ637@Разделитель зарядки
1937-04-14@ЕЛRЩ541@Система охлаждения двигателя
1236-04-16@ЖAЯC728@Система уничтожения мусора
1286-11-28@ЖBEШ665@Турбонасосный агрегат
1565-03-19@ЖHQЭ834@Топливный бак
1867-10-27@ЖHЛS640@Зарядное устройство
1591-03-25@ЖKМE921@Герметичный контейнер
1773-07-28@ЖRUС672@Инерциальная навигационная система
1483-08-05@ЖRЦП421@Система взрывной обработки
1523-01-21@ЖTИЩ152@Модульный отсек
1553-01-15@ЖYХI342@Двигатель основной
1593-04-17@ЖАCJ590@Термооболочка
1655-10-28@ЖЗГС644@Вакуумный регулятор давления
1530-08-23@ЗMVЯ573@Главный двигатель
1796-09-12@ЗRБZ896@Структурный каркас
1064-08-05@ЗМЬТ625@Теплоизолирующая оболочка
0911-03-24@ЗЦДЛ302@Отделение ступеньки
1319-10-05@ЗЮZО419@Кольцевой теплообменник
0903-11-22@ЗЯГХ711@Уровнемер топлива
0944-05-28@ЗЯМЭ763@Вакуумный регулятор давления
1764-01-18@ИAЖН391@Инерциальная навигационная система
1615-09-10@ИIDЛ394@Турбоагрегат
1548-12-17@ИMLШ59@Турбоагрегат
1391-08-03@ИODB689@Ракетный агрегат
1459-07-25@ИQNK307@Охлаждающий генератор
1919-10-12@ИRIЬ271@Воздухозаборник
0905-01-18@ИАЮБ474@Датчик температуры
1930-08-14@ИМЪS346@Азотный бак
1704-01-11@ИУБX97@Система стабилизации
1487-06-26@ИХЫQ215@Стабилизатор
1692-01-16@ИЯЦO214@Гидрозапорная система
2017-07-05@ЙAЗR244@Крепежные болты
1477-06-05@ЙJУЙ149@Система взрывной обработки
1442-09-07@ЙКСЙ845@Топливный насос
1299-07-05@ЙЭVВ388@Главный двигатель
1345-03-24@ЙЮTГ413@Камера сгорания
1021-07-27@КBZК569@Система автоматического восстановления
1575-04-03@КCШF934@Батарея электронных блоков
1228-01-10@КEФЙ474@Фильтр газоотводного патрубка
1466-02-28@КGЮI311@Камера сгорания
1378-11-01@КIГЧ258@Азотный бак
1095-11-12@КLББ759@Термооболочка
1760-01-08@КQPO473@Система стабилизации
1026-03-04@КSDС770@Система стабилизации
1080-01-22@КЮME981@Клапан подкачки топлива
1695-08-17@ЛENI220@Термооболочка
1713-08-21@ЛEЩD342@Топливный насос
1087-04-07@ЛIAG76@Воздухозаборник
1947-10-12@ЛNSK530@Система связи
1579-01-19@ЛOБP873@Система газораспределения
1933-11-10@ЛXFI485@Турбоагрегат
1885-12-24@ЛYРЫ749@Топливный насос
0911-02-06@ЛЖLB652@Резервный блок питания
1302-04-11@ЛЙЪE486@Система вентиляции
1546-02-10@ЛКЫМ39@Фильтр газоотводного патрубка
0998-08-04@ЛНCU30@Внешний обтекатель
1026-11-14@ЛТPТ394@Система охлаждения двигателя
1114-04-13@ЛФUF618@Навигационный модуль
0969-11-03@ЛЦХZ312@Основное управление двигателем
1522-08-04@МZЗG438@Телекоммуникационная антенна
1125-07-08@МИDN872@Основное управление двигателем
1491-05-27@МОЪJ972@Уровнемер топлива
1625-02-22@НOУЮ255@Вакуумный насос
1112-01-11@НRЪР246@Система подкачки топлива
1004-04-12@НVLЩ119@Резервный топливный бак
1839-05-02@НWИK407@Разъединитель топливных линий
1770-01-08@НБWК875@Огнедышащий сопел
2002-10-10@НТТЙ753@Ступенька
1264-07-12@НЪПА295@Система охлаждения камеры сгорания
1992-11-02@НЬRД589@Структурный каркас
1725-08-14@ОABЯ647@Система защиты от метеоритов
1053-05-01@ОFШF235@Ускоритель
1324-11-19@ОGЮK385@Резервный турбонасос
0990-02-19@ОMВP700@Разделитель зарядки
1369-01-13@ОORВ36@Рычаг управления
1391-12-09@ОWЫЧ306@Уровнемер топлива
0949-08-01@ОВKM454@Реверсивная тяга
1887-02-07@ОГПА436@Система охлаждения двигателя
0928-05-27@ОЖUЙ433@Модульный отсек
1725-09-07@ОЗПА792@Корпусная панель
1678-11-18@ОКЭЧ233@Солнечные батареи
1630-04-19@ОПКИ253@Система вентиляции
1897-08-26@ОРYИ94@Вакуумный насос
1718-01-10@ОФOE22@Щит теплоизоляции
2010-08-14@ПEКО799@Система автоматического восстановления
1434-10-24@ПMОD661@Огнедышащий сопел
1209-08-14@ПОКA559@Внутренний предохранитель
1387-11-19@ПЬПL36@Щит теплоизоляции
1050-11-25@ПЮBE432@Внутренний предохранитель
1731-12-11@РIHЗ486@Информационно-управляющая система
1339-09-20@РRHR140@Газовый сепаратор
1511-05-13@РXMS143@Основное управление двигателем
1784-01-20@РXЛФ250@Система погасителей
1263-05-28@РYYЯ926@Гидрозапорная система
1197-01-18@РЫИЧ468@Внешний обтекатель
1684-02-11@РЭИC383@Отделение ступеньки
1077-05-26@СIWT438@Батарея электронных блоков
1342-05-27@СRВХ526@Охлаждающий генератор
1861-04-01@СUUL807@Щит теплоизоляции
1026-07-02@СZЕV37@Ступенька
1878-01-16@СБGL532@Внутренний предохранитель
1342-10-04@СБЙJ107@Система подкачки топлива
1592-01-15@СЕОO965@Запасной двигатель
1507-01-16@СИUХ570@Газовый генератор
1798-09-04@СКRN564@Стабилизатор
1239-06-13@СМЖЧ951@Ступенька
1247-03-14@СРUЙ267@Фильтр газоотводного патрубка
1302-01-22@СФЛJ451@Рулевая сопля
1972-05-09@СЬUЛ920@Модульный отсек
1010-07-24@СЬЫЯ12@Система подачи кислорода
1695-06-03@СЮЪЦ60@Резервный турбонасос
1174-06-22@ТBZZ856@Система аварийного отключения
1721-12-08@ТМВБ878@Корпусная панель
1470-08-18@ТОCН909@Контроллер топлива
1794-03-17@ТОVЪ953@Азотный бак
2003-02-27@ТСНЯ583@Регулятор давления
1036-11-21@УFEЛ929@Теплообменник
1401-05-07@УHГU953@Ракетный агрегат
1083-03-13@УЕWC186@Резервный топливный бак
1761-04-20@УУKЬ163@Вакуумный насос
1792-01-12@УЩHJ593@Газовый генератор
1613-07-20@УЪЛO750@Контейнер для отходов
0949-12-11@УЪЫY192@Датчик высоты
1600-03-17@ФAMS825@Корпусная панель
1435-09-06@ФВRT384@Система стабилизации
1189-04-27@ФРПV536@Блок управления турбиной
1715-10-06@ХAСP285@Фазовод
1000-08-09@ХHKЗ581@Система питания
1111-12-12@ХIКH613@Блок управления турбиной
1979-08-02@ХИGЦ269@Резервный турбонасос
1114-10-09@ХОQГ568@Топливный насос
1487-04-22@ХФУY519@Резервный топливный бак
1500-02-24@ХХFД230@Турбоагрегат
1758-04-20@ХЬМК510@Радиосигнальная система
1691-01-27@ЦAЬH708@Стойка поддержки
1776-02-28@ЦУНБ941@Система уничтожения мусора
1866-09-10@ЦЫЦА75@Контроллер топлива
1221-02-22@ЧGAR501@Автоклавная установка
1628-05-24@ЧWЯМ141@Устройство управления тягой
1292-06-06@ЧXSY58@Основное управление двигателем
1666-01-12@ЧВЯC632@Резервный турбонасос
1611-11-10@ЧЖЛМ656@Резервный блок питания
1987-12-20@ЧШВД275@Лазерный прицел
2023-01-21@ЧШЖR960@Стойка поддержки
1719-10-22@ЧЭГW567@Ёмкость жидкого водорода
1652-03-18@ШBYW478@Система вентиляции
1459-06-01@ШDОV816@Зарядное устройство
1897-10-06@ШHЕФ888@Блок управления турбиной
1528-12-01@ШYVF499@Рулевая сопля
1182-04-14@ШЖТР695@Кольцевой теплообменник
1890-06-04@ШЗGБ225@Разгрузочный механизм
0914-09-24@ШЭAЕ819@Разгрузочный механизм
1563-04-13@ЩGMF660@Запасной контейнер
1497-12-22@ЩHNI986@Информационно-управляющая система
1471-12-09@ЩRKЩ643@Газодинамическая система управления
1890-08-28@ЩWKМ392@Аэродинамический кокпит
1398-07-25@ЩВIT499@Система уничтожения мусора
1161-07-11@ЩИUЙ761@Клапан подкачки топлива
1725-01-22@ЩОIЪ262@Система газораспределения
0940-09-06@ЩФЭB661@Система защиты от перегрузок
1381-10-24@ЩЭZN810@Фазовод
1350-10-21@ЩЯЫЦ320@Охолаждающая система
1084-05-04@ЪIЩЮ890@Запасной контейнер
1462-09-05@ЪLХE189@Коммуникационная панель
1380-04-20@ЪOВШ778@Уплотнительное кольцо
1310-07-06@ЪФRБ16@Система вентиляции
1764-09-23@ЪФШЙ844@Радиоизотопный генератор
1451-12-11@ЪЩEM673@Резервная система питания
1350-07-04@ЪЪОC115@Вакуумный регулятор давления
1797-03-28@ЫJAД648@Система взрывной обработки
1729-04-10@ЫRШР458@Система взрывной обработки
1038-03-13@ЫTXЧ303@Лазерный прицел
1108-06-10@ЬAZУ64@Теплоизолирующая оболочка
1855-04-18@ЬBAК636@Спутниковая антенна
1998-05-01@ЬHЧX163@Топливный насос
0928-01-18@ЬIEW592@Датчик высоты
1866-07-21@ЬPMP992@Основное управление двигателем
1731-12-27@ЬUЬE306@Датчик высоты
1239-11-06@ЬYЮQ755@Разгрузочный механизм
1449-09-22@ЬБWT797@Основное управление двигателем
1737-10-28@ЬОЭH703@Генератор apu
1724-01-25@ЬЪНМ772@Запасной двигатель
0991-02-16@ЭGHX214@Зарядное устройство
1971-10-05@ЭNРУ210@Система вентиляции
1749-12-17@ЭИWO499@Щит теплоизоляции
1872-11-16@ЭЛЫЕ128@Газовый сепаратор
0942-12-05@ЭФДV193@Реверсивная тяга
1994-09-25@ЭХOD179@Уровнемер топлива
1273-10-22@ЭЪEЯ546@Клапан подкачки топлива
1967-08-06@ЮFЭТ677@Газодинамическая система управления
1151-11-03@ЮGNE581@Азотный бак
1290-07-20@ЮNТЦ689@Кислородный бак
1827-10-14@ЮНЭЩ588@Теплообменник
1969-07-13@ЮОТЦ812@Автоматическая навигационная система
1223-07-24@ЮСCE35@Двигатель основной
1876-07-18@ЮТZЗ371@Солнечные батареи
1427-04-19@ЮТШШ244@Зарядное устройство
1119-02-19@ЮЫSЛ129@Система погасителей
1461-07-07@ЮЫБЫ432@Зарядное устройство
1847-05-06@ЯCБЯ17@Контейнер для отходов
1865-09-23@ЯJDX447@Главный двигатель
1807-07-26@ЯSСЛ566@Аэродинамический кокпит
1962-12-17@ЯZUL761@Гидравлический толкач
1361-02-18@ЯЛMО308@Разъединитель топливных линий
1485-04-01@ЯЪШЭ197@Система защиты от перегрузок
